******************************************************************************
                  TI ARM Linker PC v20.2.7                     
******************************************************************************
>> Linked Wed Mar 29 21:50:14 2023

OUTPUT FILE NAME:   <CSE379-Lab5.out>
ENTRY POINT SYMBOL: "_c_int00_noargs"  address: 000007b5


MEMORY CONFIGURATION

         name            origin    length      used     unused   attr    fill
----------------------  --------  ---------  --------  --------  ----  --------
  FLASH                 00000000   00040000  00000888  0003f778  R  X
  SRAM                  20000000   00008000  00000278  00007d88  RW X


SEGMENT ALLOCATION MAP

run origin  load origin   length   init length attrs members
----------  ----------- ---------- ----------- ----- -------
00000000    00000000    0000088c   0000088c    r-x
  00000000    00000000    0000026c   0000026c    r-- .intvecs
  0000026c    0000026c    000005a8   000005a8    r-x .text
  00000818    00000818    00000074   00000074    r-- .cinit
20000000    20000000    00000278   00000000    rw-
  20000000    20000000    00000200   00000000    rw- .stack
  20000200    20000200    00000078   00000000    rw- .data


SECTION ALLOCATION MAP

 output                                  attributes/
section   page    origin      length       input sections
--------  ----  ----------  ----------   ----------------
.intvecs   0    00000000    0000026c     
                  00000000    0000026c     tm4c123gh6pm_startup_ccs.obj (.intvecs)

.text      0    0000026c    000005a8     
                  0000026c    00000400     lab5_assembly.obj (.text)
                  0000066c    0000009c     rtsv7M4_T_le_v4SPD16_eabi.lib : memcpy_t2.asm.obj (.text)
                  00000708    00000068                                   : copy_decompress_lzss.c.obj (.text:decompress:lzss:__TI_decompress_lzss)
                  00000770    00000044                                   : autoinit.c.obj (.text:__TI_auto_init_nobinit_nopinit:__TI_auto_init_nobinit_nopinit)
                  000007b4    00000034                                   : boot_cortex_m.c.obj (.text:_c_int00_noargs:_c_int00_noargs)
                  000007e8    0000000e                                   : copy_decompress_none.c.obj (.text:decompress:none:__TI_decompress_none)
                  000007f6    0000000c     tm4c123gh6pm_startup_ccs.obj (.text)
                  00000802    0000000a     lab5wrapper.obj (.text)
                  0000080c    00000004     rtsv7M4_T_le_v4SPD16_eabi.lib : pre_init.c.obj (.text:_system_pre_init)
                  00000810    00000004                                   : exit.c.obj (.text:abort:abort)

.cinit     0    00000818    00000074     
                  00000818    00000064     (.cinit..data.load) [load image, compression = lzss]
                  0000087c    00000008     (__TI_handler_table)
                  00000884    00000008     (__TI_cinit_table)

.init_array 
*          0    00000000    00000000     UNINITIALIZED

.data      0    20000200    00000078     UNINITIALIZED
                  20000200    00000078     lab5_assembly.obj (.data)

.stack     0    20000000    00000200     UNINITIALIZED
                  20000000    00000004     rtsv7M4_T_le_v4SPD16_eabi.lib : boot_cortex_m.c.obj (.stack)
                  20000004    000001fc     --HOLE--

__llvm_prf_cnts 
*          0    20000000    00000000     UNINITIALIZED

MODULE SUMMARY

       Module                         code   ro data   rw data
       ------                         ----   -------   -------
    .\
       lab5_assembly.obj              1024   0         120    
       tm4c123gh6pm_startup_ccs.obj   12     620       0      
       lab5wrapper.obj                10     0         0      
    +--+------------------------------+------+---------+---------+
       Total:                         1046   620       120    
                                                              
    C:\ti\ccs1220\ccs\tools\compiler\ti-cgt-arm_20.2.7.LTS\lib\rtsv7M4_T_le_v4SPD16_eabi.lib
       memcpy_t2.asm.obj              156    0         0      
       copy_decompress_lzss.c.obj     104    0         0      
       autoinit.c.obj                 68     0         0      
       boot_cortex_m.c.obj            52     0         0      
       copy_decompress_none.c.obj     14     0         0      
       exit.c.obj                     4      0         0      
       pre_init.c.obj                 4      0         0      
    +--+------------------------------+------+---------+---------+
       Total:                         402    0         0      
                                                              
       Stack:                         0      0         512    
       Linker Generated:              0      116       0      
    +--+------------------------------+------+---------+---------+
       Grand Total:                   1448   736       632    


LINKER GENERATED COPY TABLES

__TI_cinit_table @ 00000884 records: 1, size/record: 8, table size: 8
	.data: load addr=00000818, load size=00000064 bytes, run addr=20000200, run size=00000078 bytes, compression=lzss


LINKER GENERATED HANDLER TABLE

__TI_handler_table @ 0000087c records: 2, size/record: 4, table size: 8
	index: 0, handler: __TI_decompress_lzss
	index: 1, handler: __TI_decompress_none


GLOBAL SYMBOLS: SORTED ALPHABETICALLY BY Name 

address   name                          
-------   ----                          
00000811  C$$EXIT                       
000007f7  ResetISR                      
00000393  Switch_Handler                
000003b9  Timer_Handler                 
00000365  UART0_Handler                 
20000200  __STACK_END                   
00000200  __STACK_SIZE                  
20000200  __STACK_TOP                   
00000884  __TI_CINIT_Base               
0000088c  __TI_CINIT_Limit              
0000087c  __TI_Handler_Table_Base       
00000884  __TI_Handler_Table_Limit      
00000771  __TI_auto_init_nobinit_nopinit
00000709  __TI_decompress_lzss          
000007e9  __TI_decompress_none          
ffffffff  __TI_pprof_out_hndl           
ffffffff  __TI_prof_data_size           
ffffffff  __TI_prof_data_start          
00000000  __TI_static_base__            
0000066d  __aeabi_memcpy                
0000066d  __aeabi_memcpy4               
0000066d  __aeabi_memcpy8               
ffffffff  __binit__                     
ffffffff  __c_args__                    
UNDEFED   __mpu_init                    
20000000  __stack                       
20000000  __start___llvm_prf_cnts       
20000000  __stop___llvm_prf_cnts        
000007b5  _c_int00_noargs               
UNDEFED   _system_post_cinit            
0000080d  _system_pre_init              
00000811  abort                         
ffffffff  binit                         
00000000  g_pfnVectors                  
00000301  gpio_interrupt_init           
2000023e  key_presses_str               
00000285  lab5                          
00000803  main                          
0000066d  memcpy                        
2000022c  mydata                        
2000024c  num_1_string                  
20000262  num_2_string                  
0000049f  output_character              
000004a3  output_string                 
20000200  prompt                        
000004a1  read_string                   
0000049d  simple_read_character         
2000022d  switch_presses_str            
000004a5  uart_init                     
000002cf  uart_interrupt_init           


GLOBAL SYMBOLS: SORTED BY Symbol Address 

address   name                          
-------   ----                          
00000000  __TI_static_base__            
00000000  g_pfnVectors                  
00000200  __STACK_SIZE                  
00000285  lab5                          
000002cf  uart_interrupt_init           
00000301  gpio_interrupt_init           
00000365  UART0_Handler                 
00000393  Switch_Handler                
000003b9  Timer_Handler                 
0000049d  simple_read_character         
0000049f  output_character              
000004a1  read_string                   
000004a3  output_string                 
000004a5  uart_init                     
0000066d  __aeabi_memcpy                
0000066d  __aeabi_memcpy4               
0000066d  __aeabi_memcpy8               
0000066d  memcpy                        
00000709  __TI_decompress_lzss          
00000771  __TI_auto_init_nobinit_nopinit
000007b5  _c_int00_noargs               
000007e9  __TI_decompress_none          
000007f7  ResetISR                      
00000803  main                          
0000080d  _system_pre_init              
00000811  C$$EXIT                       
00000811  abort                         
0000087c  __TI_Handler_Table_Base       
00000884  __TI_CINIT_Base               
00000884  __TI_Handler_Table_Limit      
0000088c  __TI_CINIT_Limit              
20000000  __stack                       
20000000  __start___llvm_prf_cnts       
20000000  __stop___llvm_prf_cnts        
20000200  __STACK_END                   
20000200  __STACK_TOP                   
20000200  prompt                        
2000022c  mydata                        
2000022d  switch_presses_str            
2000023e  key_presses_str               
2000024c  num_1_string                  
20000262  num_2_string                  
ffffffff  __TI_pprof_out_hndl           
ffffffff  __TI_prof_data_size           
ffffffff  __TI_prof_data_start          
ffffffff  __binit__                     
ffffffff  __c_args__                    
ffffffff  binit                         
UNDEFED   __mpu_init                    
UNDEFED   _system_post_cinit            

[50 symbols]
