******************************************************************************
                  TI ARM Linker PC v20.2.7                     
******************************************************************************
>> Linked Wed Mar 29 14:57:03 2023

OUTPUT FILE NAME:   <CSE379-Lab5.out>
ENTRY POINT SYMBOL: "_c_int00_noargs"  address: 0000077d


MEMORY CONFIGURATION

         name            origin    length      used     unused   attr    fill
----------------------  --------  ---------  --------  --------  ----  --------
  FLASH                 00000000   00040000  00000850  0003f7b0  R  X
  SRAM                  20000000   00008000  00000278  00007d88  RW X


SEGMENT ALLOCATION MAP

run origin  load origin   length   init length attrs members
----------  ----------- ---------- ----------- ----- -------
00000000    00000000    00000854   00000854    r-x
  00000000    00000000    0000026c   0000026c    r-- .intvecs
  0000026c    0000026c    00000570   00000570    r-x .text
  000007e0    000007e0    00000074   00000074    r-- .cinit
20000000    20000000    00000278   00000000    rw-
  20000000    20000000    00000200   00000000    rw- .stack
  20000200    20000200    00000078   00000000    rw- .data


SECTION ALLOCATION MAP

 output                                  attributes/
section   page    origin      length       input sections
--------  ----  ----------  ----------   ----------------
.intvecs   0    00000000    0000026c     
                  00000000    0000026c     tm4c123gh6pm_startup_ccs.obj (.intvecs)

.text      0    0000026c    00000570     
                  0000026c    000003c8     lab5_assembly.obj (.text)
                  00000634    0000009c     rtsv7M4_T_le_v4SPD16_eabi.lib : memcpy_t2.asm.obj (.text)
                  000006d0    00000068                                   : copy_decompress_lzss.c.obj (.text:decompress:lzss:__TI_decompress_lzss)
                  00000738    00000044                                   : autoinit.c.obj (.text:__TI_auto_init_nobinit_nopinit:__TI_auto_init_nobinit_nopinit)
                  0000077c    00000034                                   : boot_cortex_m.c.obj (.text:_c_int00_noargs:_c_int00_noargs)
                  000007b0    0000000e                                   : copy_decompress_none.c.obj (.text:decompress:none:__TI_decompress_none)
                  000007be    0000000c     tm4c123gh6pm_startup_ccs.obj (.text)
                  000007ca    0000000a     lab5wrapper.obj (.text)
                  000007d4    00000004     rtsv7M4_T_le_v4SPD16_eabi.lib : pre_init.c.obj (.text:_system_pre_init)
                  000007d8    00000004                                   : exit.c.obj (.text:abort:abort)

.cinit     0    000007e0    00000074     
                  000007e0    00000064     (.cinit..data.load) [load image, compression = lzss]
                  00000844    00000008     (__TI_handler_table)
                  0000084c    00000008     (__TI_cinit_table)

.init_array 
*          0    00000000    00000000     UNINITIALIZED

.data      0    20000200    00000078     UNINITIALIZED
                  20000200    00000078     lab5_assembly.obj (.data)

.stack     0    20000000    00000200     UNINITIALIZED
                  20000000    00000004     rtsv7M4_T_le_v4SPD16_eabi.lib : boot_cortex_m.c.obj (.stack)
                  20000004    000001fc     --HOLE--

__llvm_prf_cnts 
*          0    20000000    00000000     UNINITIALIZED

MODULE SUMMARY

       Module                         code   ro data   rw data
       ------                         ----   -------   -------
    .\
       lab5_assembly.obj              968    0         120    
       tm4c123gh6pm_startup_ccs.obj   12     620       0      
       lab5wrapper.obj                10     0         0      
    +--+------------------------------+------+---------+---------+
       Total:                         990    620       120    
                                                              
    C:\ti\ccs1220\ccs\tools\compiler\ti-cgt-arm_20.2.7.LTS\lib\rtsv7M4_T_le_v4SPD16_eabi.lib
       memcpy_t2.asm.obj              156    0         0      
       copy_decompress_lzss.c.obj     104    0         0      
       autoinit.c.obj                 68     0         0      
       boot_cortex_m.c.obj            52     0         0      
       copy_decompress_none.c.obj     14     0         0      
       exit.c.obj                     4      0         0      
       pre_init.c.obj                 4      0         0      
    +--+------------------------------+------+---------+---------+
       Total:                         402    0         0      
                                                              
       Stack:                         0      0         512    
       Linker Generated:              0      116       0      
    +--+------------------------------+------+---------+---------+
       Grand Total:                   1392   736       632    


LINKER GENERATED COPY TABLES

__TI_cinit_table @ 0000084c records: 1, size/record: 8, table size: 8
	.data: load addr=000007e0, load size=00000064 bytes, run addr=20000200, run size=00000078 bytes, compression=lzss


LINKER GENERATED HANDLER TABLE

__TI_handler_table @ 00000844 records: 2, size/record: 4, table size: 8
	index: 0, handler: __TI_decompress_lzss
	index: 1, handler: __TI_decompress_none


GLOBAL SYMBOLS: SORTED ALPHABETICALLY BY Name 

address   name                          
-------   ----                          
000007d9  C$$EXIT                       
000007bf  ResetISR                      
0000035b  Switch_Handler                
00000381  Timer_Handler                 
0000032d  UART0_Handler                 
20000200  __STACK_END                   
00000200  __STACK_SIZE                  
20000200  __STACK_TOP                   
0000084c  __TI_CINIT_Base               
00000854  __TI_CINIT_Limit              
00000844  __TI_Handler_Table_Base       
0000084c  __TI_Handler_Table_Limit      
00000739  __TI_auto_init_nobinit_nopinit
000006d1  __TI_decompress_lzss          
000007b1  __TI_decompress_none          
ffffffff  __TI_pprof_out_hndl           
ffffffff  __TI_prof_data_size           
ffffffff  __TI_prof_data_start          
00000000  __TI_static_base__            
00000635  __aeabi_memcpy                
00000635  __aeabi_memcpy4               
00000635  __aeabi_memcpy8               
ffffffff  __binit__                     
ffffffff  __c_args__                    
UNDEFED   __mpu_init                    
20000000  __stack                       
20000000  __start___llvm_prf_cnts       
20000000  __stop___llvm_prf_cnts        
0000077d  _c_int00_noargs               
UNDEFED   _system_post_cinit            
000007d5  _system_pre_init              
000007d9  abort                         
ffffffff  binit                         
00000000  g_pfnVectors                  
000002e7  gpio_interrupt_init           
2000023e  key_presses_str               
00000285  lab5                          
000007cb  main                          
00000635  memcpy                        
2000022c  mydata                        
2000024c  num_1_string                  
20000262  num_2_string                  
00000467  output_character              
0000046b  output_string                 
20000200  prompt                        
00000469  read_string                   
00000465  simple_read_character         
2000022d  switch_presses_str            
0000046d  uart_init                     
000002b5  uart_interrupt_init           


GLOBAL SYMBOLS: SORTED BY Symbol Address 

address   name                          
-------   ----                          
00000000  __TI_static_base__            
00000000  g_pfnVectors                  
00000200  __STACK_SIZE                  
00000285  lab5                          
000002b5  uart_interrupt_init           
000002e7  gpio_interrupt_init           
0000032d  UART0_Handler                 
0000035b  Switch_Handler                
00000381  Timer_Handler                 
00000465  simple_read_character         
00000467  output_character              
00000469  read_string                   
0000046b  output_string                 
0000046d  uart_init                     
00000635  __aeabi_memcpy                
00000635  __aeabi_memcpy4               
00000635  __aeabi_memcpy8               
00000635  memcpy                        
000006d1  __TI_decompress_lzss          
00000739  __TI_auto_init_nobinit_nopinit
0000077d  _c_int00_noargs               
000007b1  __TI_decompress_none          
000007bf  ResetISR                      
000007cb  main                          
000007d5  _system_pre_init              
000007d9  C$$EXIT                       
000007d9  abort                         
00000844  __TI_Handler_Table_Base       
0000084c  __TI_CINIT_Base               
0000084c  __TI_Handler_Table_Limit      
00000854  __TI_CINIT_Limit              
20000000  __stack                       
20000000  __start___llvm_prf_cnts       
20000000  __stop___llvm_prf_cnts        
20000200  __STACK_END                   
20000200  __STACK_TOP                   
20000200  prompt                        
2000022c  mydata                        
2000022d  switch_presses_str            
2000023e  key_presses_str               
2000024c  num_1_string                  
20000262  num_2_string                  
ffffffff  __TI_pprof_out_hndl           
ffffffff  __TI_prof_data_size           
ffffffff  __TI_prof_data_start          
ffffffff  __binit__                     
ffffffff  __c_args__                    
ffffffff  binit                         
UNDEFED   __mpu_init                    
UNDEFED   _system_post_cinit            

[50 symbols]
